[2026-09-28 16:39:13] [INFO]    [OmnipathR] Welcome to OmnipathR!
[2026-09-28 16:39:13] [INFO]    [OmnipathR] OmnipathR version: 3.14.0
[2026-09-28 16:39:13] [TRACE]   [OmnipathR] Reading JSON from `/home/mahabub/.cache/OmnipathR/cache.json` (encoding: UTF-8).
[2026-09-28 16:39:13] [TRACE]   [OmnipathR] JSON validation successful: TRUE
[2026-09-28 16:39:13] [INFO]    [OmnipathR] Initialized cache: `/home/mahabub/.cache/OmnipathR`.
[2026-09-28 16:39:13] [TRACE]   [OmnipathR] Reading JSON from `/home/mahabub/yes/envs/ifn/lib/R/library/OmnipathR/db/db_def.json` (encoding: UTF-8).
[2026-09-28 16:39:13] [TRACE]   [OmnipathR] JSON validation successful: TRUE
[2026-09-28 16:39:13] [TRACE]   [OmnipathR] Reading JSON from `/home/mahabub/yes/envs/ifn/lib/R/library/OmnipathR/internal/magic_bytes.json` (encoding: UTF-8).
[2026-09-28 16:39:13] [TRACE]   [OmnipathR] JSON validation successful: TRUE
[2026-09-28 16:39:13] [TRACE]   [OmnipathR] Reading JSON from `/home/mahabub/yes/envs/ifn/lib/R/library/OmnipathR/internal/urls.json` (encoding: UTF-8).
[2026-09-28 16:39:13] [TRACE]   [OmnipathR] JSON validation successful: TRUE
[2026-09-28 16:39:13] [TRACE]   [OmnipathR] Reading JSON from `/home/mahabub/yes/envs/ifn/lib/R/library/OmnipathR/internal/id_types.json` (encoding: UTF-8).
[2026-09-28 16:39:13] [TRACE]   [OmnipathR] JSON validation successful: TRUE
[2026-09-28 16:39:13] [INFO]    [OmnipathR] Loading database `Ensembl and OMA organism names`.
[2026-09-28 16:39:13] [TRACE]   [OmnipathR] Reading JSON from `/home/mahabub/.cache/OmnipathR/cache.json` (encoding: UTF-8).
[2026-09-28 16:39:13] [TRACE]   [OmnipathR] JSON validation successful: TRUE
[2026-09-28 16:39:13] [INFO]    [OmnipathR] Looking up in cache `https://www.ensembl.org/info/about/species.html`: key=7332486db7400730697234bad76ca0c8e4d00799, no version available.
[2026-09-28 16:39:13] [TRACE]   [OmnipathR] Reading JSON from `/home/mahabub/.cache/OmnipathR/cache.json` (encoding: UTF-8).
[2026-09-28 16:39:13] [TRACE]   [OmnipathR] JSON validation successful: TRUE
[2026-09-28 16:39:13] [INFO]    [OmnipathR] Created new version for cache record 7332486db7400730697234bad76ca0c8e4d00799: version 1.
[2026-09-28 16:39:13] [TRACE]   [OmnipathR] Cache file path: /home/mahabub/.cache/OmnipathR/7332486db7400730697234bad76ca0c8e4d00799-1.html
[2026-09-28 16:39:13] [INFO]    [OmnipathR] Retrieving URL: `https://www.ensembl.org/info/about/species.html`
[2026-09-28 16:39:13] [TRACE]   [OmnipathR] Attempt 1/3: `https://www.ensembl.org/info/about/species.html`
[2026-09-28 16:39:14] [TRACE]   [OmnipathR] HTTP 200
[2026-09-28 16:39:14] [INFO]    [OmnipathR] Download ready [key=7332486db7400730697234bad76ca0c8e4d00799, version=1]
[2026-09-28 16:39:14] [TRACE]   [OmnipathR] Reading JSON from `/home/mahabub/.cache/OmnipathR/cache.json` (encoding: UTF-8).
[2026-09-28 16:39:14] [TRACE]   [OmnipathR] JSON validation successful: TRUE
[2026-09-28 16:39:14] [INFO]    [OmnipathR] Cache item `7332486db7400730697234bad76ca0c8e4d00799` version 1: status changed from `unknown` to `ready`.
[2026-09-28 16:39:14] [TRACE]   [OmnipathR] Arguments for OmniPath query: [loops=TRUE,organisms=9606,genesymbols=TRUE,query_type=interactions,datasets=collectri]
[2026-09-28 16:39:14] [INFO]    [OmnipathR] Loading database `Ensembl and OMA organism names`.
[2026-09-28 16:39:14] [INFO]    [OmnipathR] Looking up in cache `https://www.ensembl.org/info/about/species.html`: key=7332486db7400730697234bad76ca0c8e4d00799, latest version=1.
[2026-09-28 16:39:14] [TRACE]   [OmnipathR] Cache file path: /home/mahabub/.cache/OmnipathR/7332486db7400730697234bad76ca0c8e4d00799-1.html
[2026-09-28 16:39:14] [WARN]    [OmnipathR] Accessing `collectri` as a static table: this is not the recommended way to access OmniPath data; it is only a backup plan for situations when our server or your computer is experiencing issues.
[2026-09-28 16:39:15] [TRACE]   [OmnipathR] Looking up in cache: `http://no-tls.static.omnipathdb.org/resources/interactions_collectri_9606.tsv.gz`
[2026-09-28 16:39:15] [INFO]    [OmnipathR] Cache record does not exist: `http://no-tls.static.omnipathdb.org/resources/interactions_collectri_9606.tsv.gz`
[2026-09-28 16:39:15] [TRACE]   [OmnipathR] Attempting `http://no-tls.static.omnipathdb.org/resources/interactions_collectri_9606.tsv.gz`
[2026-09-28 16:39:15] [INFO]    [OmnipathR] Retrieving URL: `http://no-tls.static.omnipathdb.org/resources/interactions_collectri_9606.tsv.gz`
[2026-09-28 16:39:15] [TRACE]   [OmnipathR] Attempt 1/3: `http://no-tls.static.omnipathdb.org/resources/interactions_collectri_9606.tsv.gz`
[2026-09-28 16:39:20] [INFO]    [OmnipathR] Successfully retrieved: `http://no-tls.static.omnipathdb.org/resources/interactions_collectri_9606.tsv.gz`
[2026-09-28 16:39:20] [TRACE]   [OmnipathR] Reading JSON from `/home/mahabub/.cache/OmnipathR/cache.json` (encoding: UTF-8).
[2026-09-28 16:39:20] [TRACE]   [OmnipathR] JSON validation successful: TRUE
[2026-09-28 16:39:20] [TRACE]   [OmnipathR] Reading JSON from `/home/mahabub/.cache/OmnipathR/cache.json` (encoding: UTF-8).
[2026-09-28 16:39:20] [TRACE]   [OmnipathR] JSON validation successful: TRUE
[2026-09-28 16:39:20] [INFO]    [OmnipathR] Cache item `a2bbed8b281906d09d7cf983d102402e5de5da8c` version 1: status changed from `unknown` to `started`.
[2026-09-28 16:39:20] [TRACE]   [OmnipathR] Exporting object to RDS: `/home/mahabub/.cache/OmnipathR/a2bbed8b281906d09d7cf983d102402e5de5da8c-1.rds`.
[2026-09-28 16:39:21] [TRACE]   [OmnipathR] Exported RDS to `/home/mahabub/.cache/OmnipathR/a2bbed8b281906d09d7cf983d102402e5de5da8c-1.rds`.
[2026-09-28 16:39:21] [INFO]    [OmnipathR] Download ready [key=a2bbed8b281906d09d7cf983d102402e5de5da8c, version=1]
[2026-09-28 16:39:21] [TRACE]   [OmnipathR] Reading JSON from `/home/mahabub/.cache/OmnipathR/cache.json` (encoding: UTF-8).
[2026-09-28 16:39:21] [TRACE]   [OmnipathR] JSON validation successful: TRUE
[2026-09-28 16:39:21] [INFO]    [OmnipathR] Cache item `a2bbed8b281906d09d7cf983d102402e5de5da8c` version 1: status changed from `started` to `ready`.
[2026-09-28 16:39:21] [TRACE]   [OmnipathR] Converting JSON column `evidences` to list.
[2026-09-28 16:39:23] [TRACE]   [OmnipathR] Restricting interaction records to datasets: collectri; and resources: any
